127.0.0.1 - - [05/Oct/2023:12:56:41 +0530] "GET / HTTP/1.1" 404 1074
0:0:0:0:0:0:0:1 - - [05/Oct/2023:12:56:42 +0530] "GET /Jspjsf/Calc.jsf HTTP/1.1" 404 1093
127.0.0.1 - - [05/Oct/2023:12:58:09 +0530] "GET / HTTP/1.1" 404 1074
0:0:0:0:0:0:0:1 - - [05/Oct/2023:12:58:11 +0530] "GET /Jspjsf/Calc.jsf HTTP/1.1" 200 3582
0:0:0:0:0:0:0:1 - - [05/Oct/2023:12:59:06 +0530] "GET /Jspjsf/Login.jsf HTTP/1.1" 200 2965
0:0:0:0:0:0:0:1 - - [05/Oct/2023:12:59:17 +0530] "POST /Jspjsf/Login.jsf HTTP/1.1" 302 -
0:0:0:0:0:0:0:1 - - [05/Oct/2023:12:59:17 +0530] "GET /Jspjsf/Login.jsf HTTP/1.1" 200 2965
0:0:0:0:0:0:0:1 - - [05/Oct/2023:12:59:26 +0530] "POST /Jspjsf/Login.jsf HTTP/1.1" 302 -
0:0:0:0:0:0:0:1 - - [05/Oct/2023:12:59:26 +0530] "GET /Jspjsf/Menu.jsf HTTP/1.1" 200 484
127.0.0.1 - - [05/Oct/2023:14:20:27 +0530] "GET / HTTP/1.1" 404 1074
0:0:0:0:0:0:0:1 - - [05/Oct/2023:14:20:29 +0530] "GET /JsfHibJsp/EmployShow.jsf HTTP/1.1" 500 12573
127.0.0.1 - - [05/Oct/2023:14:25:16 +0530] "GET / HTTP/1.1" 404 1074
0:0:0:0:0:0:0:1 - - [05/Oct/2023:14:25:18 +0530] "GET /JsfHibJsp/EmployShow.jsf HTTP/1.1" 500 12573
0:0:0:0:0:0:0:1 - - [05/Oct/2023:14:29:35 +0530] "GET /JsfHibJsp/Menu.jsf HTTP/1.1" 200 3153
0:0:0:0:0:0:0:1 - - [05/Oct/2023:14:29:35 +0530] "GET /JsfHibJsp/javax.faces.resource/jsf.js.jsf?ln=javax.faces HTTP/1.1" 200 44353
0:0:0:0:0:0:0:1 - - [05/Oct/2023:14:29:37 +0530] "POST /JsfHibJsp/Menu.jsf;jsessionid=D3CD3FE4605AD68528E58BF8A1E5F442 HTTP/1.1" 200 3109
0:0:0:0:0:0:0:1 - - [05/Oct/2023:14:29:42 +0530] "POST /JsfHibJsp/Menu.jsf HTTP/1.1" 200 3109
0:0:0:0:0:0:0:1 - - [05/Oct/2023:14:29:56 +0530] "GET /JsfHibJsp/EmployShow.jsf HTTP/1.1" 500 12573
127.0.0.1 - - [05/Oct/2023:14:31:14 +0530] "GET / HTTP/1.1" 404 1074
0:0:0:0:0:0:0:1 - - [05/Oct/2023:14:31:18 +0530] "GET /JsfHibJsp/EmployShow.jsf HTTP/1.1" 200 10127
0:0:0:0:0:0:0:1 - - [05/Oct/2023:14:31:24 +0530] "POST /JsfHibJsp/EmployShow.jsf HTTP/1.1" 200 10167
0:0:0:0:0:0:0:1 - - [05/Oct/2023:14:31:27 +0530] "POST /JsfHibJsp/EmployShow.jsf HTTP/1.1" 200 10127
0:0:0:0:0:0:0:1 - - [05/Oct/2023:14:31:28 +0530] "POST /JsfHibJsp/EmployShow.jsf HTTP/1.1" 200 10127
0:0:0:0:0:0:0:1 - - [05/Oct/2023:14:31:43 +0530] "GET /JsfHibJsp/Menu.jsf HTTP/1.1" 200 3109
0:0:0:0:0:0:0:1 - - [05/Oct/2023:14:31:46 +0530] "POST /JsfHibJsp/Menu.jsf HTTP/1.1" 200 3109
0:0:0:0:0:0:0:1 - - [05/Oct/2023:14:31:47 +0530] "POST /JsfHibJsp/Menu.jsf HTTP/1.1" 200 3109
0:0:0:0:0:0:0:1 - - [05/Oct/2023:14:31:48 +0530] "POST /JsfHibJsp/Menu.jsf HTTP/1.1" 200 3109
127.0.0.1 - - [05/Oct/2023:15:04:24 +0530] "GET / HTTP/1.1" 404 1074
0:0:0:0:0:0:0:1 - - [05/Oct/2023:15:04:25 +0530] "GET /CanteenMangement/ShowRestaurant.jsp HTTP/1.1" 500 3177
127.0.0.1 - - [05/Oct/2023:15:05:46 +0530] "GET / HTTP/1.1" 404 1074
0:0:0:0:0:0:0:1 - - [05/Oct/2023:15:05:46 +0530] "GET /CanteenMangement/ShowRestaurant.jsp HTTP/1.1" 500 2912
127.0.0.1 - - [05/Oct/2023:15:08:31 +0530] "GET / HTTP/1.1" 404 1074
0:0:0:0:0:0:0:1 - - [05/Oct/2023:15:08:31 +0530] "GET /CanteenMangement/ShowRestaurant.jsp HTTP/1.1" 500 2912
127.0.0.1 - - [05/Oct/2023:15:30:05 +0530] "GET / HTTP/1.1" 404 1074
0:0:0:0:0:0:0:1 - - [05/Oct/2023:15:30:06 +0530] "GET /CanteenMangement/ShowRestaurant.jsp HTTP/1.1" 500 3177
127.0.0.1 - - [05/Oct/2023:15:37:50 +0530] "GET / HTTP/1.1" 404 1074
0:0:0:0:0:0:0:1 - - [05/Oct/2023:15:37:50 +0530] "GET /CanteenMangement/ShowRestaurant.jsp HTTP/1.1" 500 2912
0:0:0:0:0:0:0:1 - - [05/Oct/2023:15:45:51 +0530] "GET /CanteenMangement/ShowRestaurant.jsp HTTP/1.1" 500 2912
127.0.0.1 - - [05/Oct/2023:15:51:42 +0530] "GET / HTTP/1.1" 404 1074
0:0:0:0:0:0:0:1 - - [05/Oct/2023:15:51:42 +0530] "GET /CanteenMangement/ShowRestaurant.jsp HTTP/1.1" 500 2912
0:0:0:0:0:0:0:1 - - [05/Oct/2023:15:51:55 +0530] "GET /CanteenMangement/ShowRestaurant.jsf HTTP/1.1" 500 3009
127.0.0.1 - - [05/Oct/2023:15:53:55 +0530] "GET / HTTP/1.1" 404 1074
0:0:0:0:0:0:0:1 - - [05/Oct/2023:15:53:55 +0530] "GET /CanteenMangement/ShowRestaurant.jsp HTTP/1.1" 500 2912
0:0:0:0:0:0:0:1 - - [05/Oct/2023:15:54:08 +0530] "GET /CanteenMangement/ShowRestaurant.jsf HTTP/1.1" 500 3860
0:0:0:0:0:0:0:1 - - [05/Oct/2023:15:55:00 +0530] "GET /CanteenMangement/ShowRestaurant.jsp HTTP/1.1" 500 3177
0:0:0:0:0:0:0:1 - - [05/Oct/2023:15:55:16 +0530] "GET /CanteenMangement/ShowRestaurant.jsf HTTP/1.1" 200 4401
127.0.0.1 - - [05/Oct/2023:15:57:09 +0530] "GET / HTTP/1.1" 404 1074
0:0:0:0:0:0:0:1 - - [05/Oct/2023:15:57:10 +0530] "GET /CanteenMangement/ShowRestaurant.jsf HTTP/1.1" 500 4250
0:0:0:0:0:0:0:1 - - [05/Oct/2023:15:57:29 +0530] "GET /CanteenMangement/ShowRestaurant.jsp HTTP/1.1" 500 2912
0:0:0:0:0:0:0:1 - - [05/Oct/2023:15:57:42 +0530] "GET /CanteenMangement/ShowRestaurant.jsf HTTP/1.1" 500 4476
0:0:0:0:0:0:0:1 - - [05/Oct/2023:15:58:57 +0530] "GET /CanteenMangement/ShowRestaurant.jsf HTTP/1.1" 500 4702
127.0.0.1 - - [05/Oct/2023:16:01:23 +0530] "GET / HTTP/1.1" 404 1074
0:0:0:0:0:0:0:1 - - [05/Oct/2023:16:01:23 +0530] "GET /CanteenMangement/ShowRestaurant.jsf HTTP/1.1" 500 3860
127.0.0.1 - - [05/Oct/2023:16:08:31 +0530] "GET / HTTP/1.1" 404 1074
0:0:0:0:0:0:0:1 - - [05/Oct/2023:16:08:31 +0530] "GET /CanteenMangement/ShowRestaurant.jsf HTTP/1.1" 500 3860
0:0:0:0:0:0:0:1 - - [05/Oct/2023:16:08:38 +0530] "GET /CanteenMangement/ShowRestaurant.jsp HTTP/1.1" 500 3096
127.0.0.1 - - [05/Oct/2023:16:19:20 +0530] "GET / HTTP/1.1" 404 1074
0:0:0:0:0:0:0:1 - - [05/Oct/2023:16:19:21 +0530] "GET /CanteenManagement/ShowRestaurant.jsf HTTP/1.1" 500 3860
0:0:0:0:0:0:0:1 - - [05/Oct/2023:16:20:58 +0530] "GET /CanteenManagement/ShowRestaurant.jsf HTTP/1.1" 500 3860
0:0:0:0:0:0:0:1 - - [05/Oct/2023:16:21:33 +0530] "GET /CanteenManagement/ShowRestaurant.jsp HTTP/1.1" 500 3096
127.0.0.1 - - [05/Oct/2023:16:23:23 +0530] "GET / HTTP/1.1" 404 1074
0:0:0:0:0:0:0:1 - - [05/Oct/2023:16:23:26 +0530] "GET /CanteenManagement/ShowRestaurant.jsf HTTP/1.1" 500 12651
127.0.0.1 - - [05/Oct/2023:16:24:05 +0530] "GET / HTTP/1.1" 404 1074
0:0:0:0:0:0:0:1 - - [05/Oct/2023:16:24:07 +0530] "GET /CanteenManagement/ShowRestaurant.jsf HTTP/1.1" 200 4483
0:0:0:0:0:0:0:1 - - [05/Oct/2023:17:12:14 +0530] "GET /CanteenManagement/ShowRestaurant.jsf HTTP/1.1" 500 7643
127.0.0.1 - - [05/Oct/2023:17:13:26 +0530] "GET / HTTP/1.1" 404 1074
0:0:0:0:0:0:0:1 - - [05/Oct/2023:17:13:27 +0530] "GET /CanteenManagement/ShowRestaurant.jsf HTTP/1.1" 500 7643
127.0.0.1 - - [05/Oct/2023:17:14:18 +0530] "GET / HTTP/1.1" 404 1074
0:0:0:0:0:0:0:1 - - [05/Oct/2023:17:14:19 +0530] "GET /CanteenManagement/ShowRestaurant.jsf HTTP/1.1" 500 7659
0:0:0:0:0:0:0:1 - - [05/Oct/2023:17:14:54 +0530] "GET /CanteenManagement/ShowRestaurant.jsf HTTP/1.1" 500 7659
0:0:0:0:0:0:0:1 - - [05/Oct/2023:17:15:04 +0530] "GET /CanteenManagement/ShowRestaurant.jsf HTTP/1.1" 500 7659
127.0.0.1 - - [05/Oct/2023:17:19:21 +0530] "GET / HTTP/1.1" 404 1074
0:0:0:0:0:0:0:1 - - [05/Oct/2023:17:19:23 +0530] "GET /CanteenManagement/ShowRestaurant.jsf HTTP/1.1" 200 4430
127.0.0.1 - - [05/Oct/2023:17:35:57 +0530] "GET / HTTP/1.1" 404 1074
0:0:0:0:0:0:0:1 - - [05/Oct/2023:17:35:59 +0530] "GET /CanteenManagement/ShowMenu.jsf HTTP/1.1" 500 3800
0:0:0:0:0:0:0:1 - - [05/Oct/2023:17:37:13 +0530] "GET /CanteenManagement/ShowMenu.jsf HTTP/1.1" 500 3800
0:0:0:0:0:0:0:1 - - [05/Oct/2023:17:38:17 +0530] "GET /CanteenManagement/ShowMenu.jsf HTTP/1.1" 500 3800
127.0.0.1 - - [05/Oct/2023:17:41:38 +0530] "GET / HTTP/1.1" 404 1074
0:0:0:0:0:0:0:1 - - [05/Oct/2023:17:41:41 +0530] "GET /CanteenManagement/ShowMenu.jsf HTTP/1.1" 500 3800
0:0:0:0:0:0:0:1 - - [05/Oct/2023:17:45:57 +0530] "GET /CanteenManagement/ShowRestaurant.jsf HTTP/1.1" 200 4430
0:0:0:0:0:0:0:1 - - [05/Oct/2023:17:49:47 +0530] "GET /CanteenManagement/ShowRestaurant.jsf HTTP/1.1" 200 4430
0:0:0:0:0:0:0:1 - - [05/Oct/2023:17:49:50 +0530] "GET /CanteenManagement/ShowRestaurant.jsf HTTP/1.1" 200 4430
0:0:0:0:0:0:0:1 - - [05/Oct/2023:17:49:52 +0530] "GET /CanteenManagement/ShowRestaurant.jsf HTTP/1.1" 200 5401
0:0:0:0:0:0:0:1 - - [05/Oct/2023:17:49:56 +0530] "POST /CanteenManagement/ShowRestaurant.jsf HTTP/1.1" 500 4320
0:0:0:0:0:0:0:1 - - [05/Oct/2023:17:50:34 +0530] "GET /CanteenManagement/ShowMenu.jsf HTTP/1.1" 500 3800
0:0:0:0:0:0:0:1 - - [05/Oct/2023:17:52:06 +0530] "GET /CanteenMangement/ShowRestaurant.jsf HTTP/1.1" 404 1113
0:0:0:0:0:0:0:1 - - [05/Oct/2023:17:52:10 +0530] "GET /CanteenManagement/ShowMenu.jsf HTTP/1.1" 500 3800
0:0:0:0:0:0:0:1 - - [05/Oct/2023:17:52:29 +0530] "GET /CanteenManagement/ShowRestaurant.jsf HTTP/1.1" 200 5401
0:0:0:0:0:0:0:1 - - [05/Oct/2023:17:52:31 +0530] "POST /CanteenManagement/ShowRestaurant.jsf HTTP/1.1" 500 4320
0:0:0:0:0:0:0:1 - - [05/Oct/2023:17:54:11 +0530] "GET /CanteenManagement/ShowRestaurant.jsf HTTP/1.1" 200 5401
0:0:0:0:0:0:0:1 - - [05/Oct/2023:17:54:16 +0530] "POST /CanteenManagement/ShowRestaurant.jsf HTTP/1.1" 500 4312
0:0:0:0:0:0:0:1 - - [05/Oct/2023:17:55:13 +0530] "GET /CanteenManagement/ShowRestaurant.jsf HTTP/1.1" 200 5401
0:0:0:0:0:0:0:1 - - [05/Oct/2023:17:55:15 +0530] "POST /CanteenManagement/ShowRestaurant.jsf HTTP/1.1" 500 4320
127.0.0.1 - - [05/Oct/2023:17:56:25 +0530] "GET / HTTP/1.1" 404 1074
0:0:0:0:0:0:0:1 - - [05/Oct/2023:17:56:28 +0530] "GET /CanteenManagement/ShowRestaurant.jsf HTTP/1.1" 200 5381
0:0:0:0:0:0:0:1 - - [05/Oct/2023:17:56:31 +0530] "POST /CanteenManagement/ShowRestaurant.jsf HTTP/1.1" 500 4320
0:0:0:0:0:0:0:1 - - [05/Oct/2023:17:58:30 +0530] "GET /CanteenManagement/ShowRestaurant.jsf HTTP/1.1" 200 5381
0:0:0:0:0:0:0:1 - - [05/Oct/2023:17:58:32 +0530] "POST /CanteenManagement/ShowRestaurant.jsf HTTP/1.1" 500 4332
0:0:0:0:0:0:0:1 - - [05/Oct/2023:18:04:09 +0530] "GET /CanteenManagement/ShowRestaurant.jsf HTTP/1.1" 200 5401
0:0:0:0:0:0:0:1 - - [05/Oct/2023:18:04:12 +0530] "POST /CanteenManagement/ShowRestaurant.jsf HTTP/1.1" 500 3924
